---
source: tests/parser_snapshots.rs
assertion_line: 14
expression: blocks
---
- - 9166819041527042882
  - Blockquote:
      - Paragraph:
          - Text: A blockquote
          - Text: "\n"
          - Text: with two lines.
- - 12826214815824769011
  - List:
      ordered: false
      items:
        - task: ~
          blocks:
            - Paragraph:
                - Text: alpha
        - task: ~
          blocks:
            - Paragraph:
                - Text: beta
            - List:
                ordered: false
                items:
                  - task: ~
                    blocks:
                      - Paragraph:
                          - Text: nested
        - task: true
          blocks:
            - Paragraph:
                - Text: done
        - task: false
          blocks:
            - Paragraph:
                - Text: todo
- - 10779190442331440252
  - List:
      ordered: true
      items:
        - task: ~
          blocks:
            - Paragraph:
                - Text: one
        - task: ~
          blocks:
            - Paragraph:
                - Text: two
- - 9917579334201272291
  - CodeBlock:
      lang: rust
      code: "fn main() { println!(\"hi\"); }\n"
      spans: []
- - 13757620135966815286
  - Table:
      headers:
        - - Text: Col A
        - - Text: Col B
      rows:
        - - - Text: "1"
          - - Text: "2"
        - - - Text: "3"
          - - Text: "4"
- - 6090616121195745462
  - Rule
